// Jest Snapshot v1, https://goo.gl/fbAQLP

exports[`CardList Component renders correctly 1`] = `
<div
  className="container bn pa3 f7 ma3 vh-75 overflow-y-auto"
  id="card-list"
>
  <Card
    email="john@gmail.com"
    id={1}
    name="john"
  />
  <Card
    email="joana@gmail.com"
    id={2}
    name="joana"
  />
</div>
`;
